CREATE TABLE broadcast_events(time TEXT, change TEXT, point TEXT, namespace TEXT, key TEXT, value TEXT);
CREATE TABLE broadcast_states(point TEXT, namespace TEXT, key TEXT, value TEXT, PRIMARY KEY(point, namespace, key));
CREATE TABLE broadcast_states_checkpoints(id INTEGER, point TEXT, namespace TEXT, key TEXT, value TEXT, PRIMARY KEY(id, point, namespace, key));
CREATE TABLE checkpoint_id(id INTEGER, time TEXT, event TEXT, PRIMARY KEY(id));
CREATE TABLE suite_params(key TEXT, value TEXT, PRIMARY KEY(key));
CREATE TABLE suite_params_checkpoints(id INTEGER, key TEXT, value TEXT, PRIMARY KEY(id, key));
CREATE TABLE task_events(name TEXT, cycle TEXT, time TEXT, submit_num INTEGER, event TEXT, message TEXT);
CREATE TABLE task_job_logs(cycle TEXT, name TEXT, submit_num INTEGER, filename TEXT, location TEXT, mtime TEXT, size INTEGER, PRIMARY KEY(cycle, name, submit_num, filename));
CREATE TABLE task_jobs(cycle TEXT, name TEXT, submit_num INTEGER, is_manual_submit INTEGER, try_num INTEGER, time_submit TEXT, time_submit_exit TEXT, submit_status INTEGER, time_run TEXT, time_run_exit TEXT, run_signal TEXT, run_status INTEGER, user_at_host TEXT, batch_sys_name TEXT, batch_sys_job_id TEXT, PRIMARY KEY(cycle, name, submit_num));
CREATE TABLE task_pool(cycle TEXT, name TEXT, spawned INTEGER, status TEXT, PRIMARY KEY(cycle, name));
CREATE TABLE task_pool_checkpoints(id INTEGER, cycle TEXT, name TEXT, spawned INTEGER, status TEXT, PRIMARY KEY(id, cycle, name));
CREATE TABLE task_states(name TEXT, cycle TEXT, time_created TEXT, time_updated TEXT, submit_num INTEGER, status TEXT, PRIMARY KEY(name, cycle));
