1|bar|1|1|0|0|localhost|background
1|baz|1|1|0|0|localhost|background
1|foo|1|1|0|0|localhost|background
