foo|1|output completed|submitted
foo|1|submitted|
foo|1|output completed|started
foo|1|started|
foo|1|output completed|succeeded
foo|1|succeeded|
bar|1|output completed|submitted
bar|1|submitted|
bar|1|output completed|started
bar|1|started|
bar|1|output completed|succeeded
bar|1|succeeded|
baz|1|output completed|submitted
baz|1|submitted|
baz|1|output completed|started
baz|1|started|
baz|1|output completed|succeeded
baz|1|succeeded|
